Phase 3 pipeline starting — run tag: p3-demo-blocked-secret
log: docs/pipeline-evidence/pipeline-p3-demo-blocked-secret.log

===== [pipeline:p3-demo-blocked-secret] STAGE: lint =====
  [lint-ok] services/api/server.js
  [lint-ok] services/api/validate.js
  [lint-ok] services/api/validate.test.js
  [lint-ok] services/ai-service/server.js
  [lint-ok] services/worker/worker.js
  [lint-ok] services/ehr-mock/server.js
  [lint-ok] compose config dev + prod-like

===== [pipeline:p3-demo-blocked-secret] STAGE: unit =====
TAP version 13
# Subtest: validateAppointment
    # Subtest: accepts a valid patient+doctor payload
    ok 1 - accepts a valid patient+doctor payload
      ---
      duration_ms: 2.105919
      type: 'test'
      ...
    # Subtest: ignores extra fields
    ok 2 - ignores extra fields
      ---
      duration_ms: 0.291996
      type: 'test'
      ...
    # Subtest: rejects a missing patient
    ok 3 - rejects a missing patient
      ---
      duration_ms: 0.306323
      type: 'test'
      ...
    # Subtest: rejects a missing doctor
    ok 4 - rejects a missing doctor
      ---
      duration_ms: 0.195772
      type: 'test'
      ...
    # Subtest: rejects non-string types
    ok 5 - rejects non-string types
      ---
      duration_ms: 0.202145
      type: 'test'
      ...
    # Subtest: rejects empty / null / undefined bodies
    ok 6 - rejects empty / null / undefined bodies
      ---
      duration_ms: 0.262299
      type: 'test'
      ...
    1..6
ok 1 - validateAppointment
  ---
  duration_ms: 5.021999
  type: 'suite'
  ...
1..1
# tests 6
# suites 1
# pass 6
# fail 0
# cancelled 0
# skipped 0
# todo 0
# duration_ms 113.319489

===== [pipeline:p3-demo-blocked-secret] STAGE: security (security-scan.sh as-is) =====
=== 1/6 non-root audit (Dockerfiles must set an unprivileged USER) ===
  [PASS] api Dockerfile has unprivileged USER (USER node)
  [PASS] ai-service Dockerfile has unprivileged USER (USER node)
  [PASS] worker Dockerfile has unprivileged USER (USER node)
  [PASS] ehr-mock Dockerfile has unprivileged USER (USER node)
  [PASS] api runtime user=node
  [PASS] ai-service runtime user=node
  [PASS] worker runtime user=node
  [PASS] ehr-mock runtime user=node
  NOTE: gateway (nginx:alpine) runs as root by upstream design (master binds :80). Documented in docs/SECURITY.md.

=== 2/6 minimal-image audit ===
  [PASS] api Dockerfile has no curl
  [PASS] api base image is pinned slim variant (FROM node:22-slim@sha256:48e4b67d85f87bd551df43704e24d252f56cc5f8e9718841aace50f19948f0f9 AS build
FROM node:22-slim@sha256:48e4b67d85f87bd551df43704e24d252f56cc5f8e9718841aace50f19948f0f9)
  [PASS] ai-service Dockerfile has no curl
  [PASS] ai-service base image is pinned slim variant (FROM node:22-slim@sha256:48e4b67d85f87bd551df43704e24d252f56cc5f8e9718841aace50f19948f0f9 AS build
FROM node:22-slim@sha256:48e4b67d85f87bd551df43704e24d252f56cc5f8e9718841aace50f19948f0f9)
  [PASS] worker Dockerfile has no curl
  [PASS] worker base image is pinned slim variant (FROM node:22-slim@sha256:48e4b67d85f87bd551df43704e24d252f56cc5f8e9718841aace50f19948f0f9 AS build
FROM node:22-slim@sha256:48e4b67d85f87bd551df43704e24d252f56cc5f8e9718841aace50f19948f0f9)
  [PASS] ehr-mock Dockerfile has no curl
  [PASS] ehr-mock base image is pinned slim variant (FROM node:22-slim@sha256:48e4b67d85f87bd551df43704e24d252f56cc5f8e9718841aace50f19948f0f9 AS build
FROM node:22-slim@sha256:48e4b67d85f87bd551df43704e24d252f56cc5f8e9718841aace50f19948f0f9)
  Image sizes:
ai-healthcare/api:0.1.0-dev 345MB
ai-healthcare/api:p3-demo-healthy1 345MB
ai-healthcare/worker:0.1.0-dev 339MB
ai-healthcare/worker:p3-demo-healthy1 339MB
ai-healthcare/ai-service:0.1.0-dev 332MB
ai-healthcare/ai-service:p3-demo-healthy1 332MB
ai-healthcare/ehr-mock:0.1.0-dev 332MB
ai-healthcare/ehr-mock:p3-demo-healthy1 332MB
ai-healthcare/ehr-mock:0.1.0 338MB
ai-healthcare/api:0.1.0 355MB
ai-healthcare/ai-service:0.1.0 338MB
ai-healthcare/worker:0.1.0 346MB
redis:7-alpine 57.8MB
mongo:7-jammy 1.18GB
nginx:alpine 93.1MB

=== 3/6 .dockerignore check ===
  [PASS] api .dockerignore present
  [PASS] ai-service .dockerignore present
  [PASS] worker .dockerignore present
  [PASS] ehr-mock .dockerignore present

=== 4/6 Trivy image scans (severity: HIGH,CRITICAL) ===
  -- ai-healthcare/api:0.1.0-dev -> docs/security-evidence/trivy-api.txt
     Total: 56 (HIGH: 52, CRITICAL: 4);
  [PASS] trivy scan completed for api (Total: 56 (HIGH: 52, CRITICAL: 4);)
  -- ai-healthcare/ai-service:0.1.0-dev -> docs/security-evidence/trivy-ai-service.txt
     Total: 56 (HIGH: 52, CRITICAL: 4);
  [PASS] trivy scan completed for ai-service (Total: 56 (HIGH: 52, CRITICAL: 4);)
  -- ai-healthcare/worker:0.1.0-dev -> docs/security-evidence/trivy-worker.txt
     Total: 56 (HIGH: 52, CRITICAL: 4);
  [PASS] trivy scan completed for worker (Total: 56 (HIGH: 52, CRITICAL: 4);)
  -- ai-healthcare/ehr-mock:0.1.0-dev -> docs/security-evidence/trivy-ehr-mock.txt
     Total: 56 (HIGH: 52, CRITICAL: 4);
  [PASS] trivy scan completed for ehr-mock (Total: 56 (HIGH: 52, CRITICAL: 4);)
  Full reports: docs/security-evidence/trivy-*.txt

=== 5/6 Gitleaks secret scan (--no-git, repo is not a git checkout) ===
  [FAIL] gitleaks found leaks or errored (see docs/security-evidence/gitleaks.txt)
Secret:      [1;3;m-----BEGIN [REDACTED-FAKE-KEY] PRIVATE KEY-----[0m                 [0m[0m[0m
[1;3;m[1;3;m[1;3;m[1;3;mMIIBOgIBAAJBAKFAKE...[0m                           
RuleID:      private-key
Entropy:     4.129190
File:        /repo/docs/security-evidence/gitleaks.txt
Line:        30
Fingerprint: /repo/docs/security-evidence/gitleaks.txt:private-key:30

Finding:     ...[1;3;m[1;3;m[1;3;m[1;3;m-----BEGIN [REDACTED-FAKE-KEY] PRIVATE KEY-----[0m                 [0m[0m[0m[0m
[1;3;m[1;3;m[1;3;m[1;3;m[1;3;m[REDACTED-KEY-BODY][0m                                      [0m                ...
Secret:      [1;3;m-----BEGIN [REDACTED-FAKE-KEY] PRIVATE KEY-----[0m                 [0m[0m[0m[0m
[1;3;m[1;3;m[1;3;m[1;3;m[1;3;m[REDACTED-KEY-BODY][0m                                      
RuleID:      private-key
Entropy:     3.945178
File:        /repo/docs/security-evidence/gitleaks.txt
Line:        40
Fingerprint: /repo/docs/security-evidence/gitleaks.txt:private-key:40

[90m11:11AM[0m [32mINF[0m [1mscanned ~781100 bytes (781.10 KB) in 451ms[0m
[90m11:11AM[0m [33mWRN[0m [1mleaks found: 5[0m

=== 6/6 Compose security lint ===
services inspected: ['ai-service', 'api', 'db', 'ehr-mock', 'gateway', 'queue', 'worker']
[PASS] gateway publishes host port (sole ingress, expected)
[PASS] api publishes NO host ports
[PASS] ai-service publishes NO host ports
[PASS] worker publishes NO host ports
[PASS] queue publishes NO host ports
[PASS] db publishes NO host ports
[PASS] ehr-mock publishes NO host ports
[PASS] private network has internal:true
[PASS] db not attached to public net (['private'])
[PASS] queue not attached to public net (['private'])
[PASS] ai-service not attached to public net (['private'])
[PASS] worker not attached to public net (['private'])
[PASS] ehr-mock not attached to public net (['private'])
[PASS] gateway privileged!=true
[PASS] gateway no host network/pid mode
[PASS] gateway no extra cap_add (found [])
[PASS] api privileged!=true
[PASS] api no host network/pid mode
[PASS] api no extra cap_add (found [])
[PASS] ai-service privileged!=true
[PASS] ai-service no host network/pid mode
[PASS] ai-service no extra cap_add (found [])
[PASS] worker privileged!=true
[PASS] worker no host network/pid mode
[PASS] worker no extra cap_add (found [])
[PASS] queue privileged!=true
[PASS] queue no host network/pid mode
[PASS] queue no extra cap_add (found [])
[PASS] db privileged!=true
[PASS] db no host network/pid mode
[PASS] db no extra cap_add (found [])
[PASS] ehr-mock privileged!=true
[PASS] ehr-mock no host network/pid mode
[PASS] ehr-mock no extra cap_add (found [])
[PASS] api has cap_drop ALL
[PASS] api has no-new-privileges
[PASS] ai-service has cap_drop ALL
[PASS] ai-service has no-new-privileges
[PASS] worker has cap_drop ALL
[PASS] worker has no-new-privileges
[PASS] ehr-mock has cap_drop ALL
[PASS] ehr-mock has no-new-privileges
[WARN] gateway without cap_drop ALL (documented exception, see docs/SECURITY.md)
[WARN] db without cap_drop ALL (documented exception, see docs/SECURITY.md)
[WARN] queue without cap_drop ALL (documented exception, see docs/SECURITY.md)
---- summary: 42 pass, 0 fail, 3 warn ----
  [PASS] compose lint passed (see docs/security-evidence/compose-lint.txt)
services inspected: ['ai-service', 'api', 'db', 'ehr-mock', 'gateway', 'queue', 'worker']
[PASS] gateway publishes host port (sole ingress, expected)
[PASS] api publishes NO host ports
[PASS] ai-service publishes NO host ports
[PASS] worker publishes NO host ports
[PASS] queue publishes NO host ports
[PASS] db publishes NO host ports
[PASS] ehr-mock publishes NO host ports
[PASS] private network has internal:true
[PASS] db not attached to public net (['private'])
[PASS] queue not attached to public net (['private'])
[PASS] ai-service not attached to public net (['private'])
[PASS] worker not attached to public net (['private'])
[PASS] ehr-mock not attached to public net (['private'])
[PASS] gateway privileged!=true
[PASS] gateway no host network/pid mode
[PASS] gateway no extra cap_add (found [])
[PASS] api privileged!=true
[PASS] api no host network/pid mode
[PASS] api no extra cap_add (found [])
[PASS] ai-service privileged!=true
[PASS] ai-service no host network/pid mode
[PASS] ai-service no extra cap_add (found [])
[PASS] worker privileged!=true
[PASS] worker no host network/pid mode
[PASS] worker no extra cap_add (found [])
[PASS] queue privileged!=true
[PASS] queue no host network/pid mode
[PASS] queue no extra cap_add (found [])
[PASS] db privileged!=true
[PASS] db no host network/pid mode
[PASS] db no extra cap_add (found [])
[PASS] ehr-mock privileged!=true
[PASS] ehr-mock no host network/pid mode
[PASS] ehr-mock no extra cap_add (found [])
[PASS] api has cap_drop ALL
[PASS] api has no-new-privileges
[PASS] ai-service has cap_drop ALL
[PASS] ai-service has no-new-privileges
[PASS] worker has cap_drop ALL
[PASS] worker has no-new-privileges
[PASS] ehr-mock has cap_drop ALL
[PASS] ehr-mock has no-new-privileges
[WARN] gateway without cap_drop ALL (documented exception, see docs/SECURITY.md)
[WARN] db without cap_drop ALL (documented exception, see docs/SECURITY.md)
[WARN] queue without cap_drop ALL (documented exception, see docs/SECURITY.md)
---- summary: 42 pass, 0 fail, 3 warn ----

===================================
RESULT: 25 passed, 1 failed
SECURITY SCAN: FAIL

##### PIPELINE BLOCKED at stage 'security (security-scan.sh as-is)': security-scan.sh gate failed
##### RESULT: FAIL (see docs/pipeline-evidence/pipeline-p3-demo-blocked-secret.log)
