Phase 3 pipeline starting — run tag: p3-demo-healthy1
log: docs/pipeline-evidence/pipeline-p3-demo-healthy1.log

===== [pipeline:p3-demo-healthy1] STAGE: lint =====
  [lint-ok] services/api/server.js
  [lint-ok] services/api/validate.js
  [lint-ok] services/api/validate.test.js
  [lint-ok] services/ai-service/server.js
  [lint-ok] services/worker/worker.js
  [lint-ok] services/ehr-mock/server.js
  [lint-ok] compose config dev + prod-like

===== [pipeline:p3-demo-healthy1] STAGE: unit =====
TAP version 13
# Subtest: validateAppointment
    # Subtest: accepts a valid patient+doctor payload
    ok 1 - accepts a valid patient+doctor payload
      ---
      duration_ms: 1.318924
      type: 'test'
      ...
    # Subtest: ignores extra fields
    ok 2 - ignores extra fields
      ---
      duration_ms: 0.312165
      type: 'test'
      ...
    # Subtest: rejects a missing patient
    ok 3 - rejects a missing patient
      ---
      duration_ms: 0.364705
      type: 'test'
      ...
    # Subtest: rejects a missing doctor
    ok 4 - rejects a missing doctor
      ---
      duration_ms: 0.243624
      type: 'test'
      ...
    # Subtest: rejects non-string types
    ok 5 - rejects non-string types
      ---
      duration_ms: 0.25194
      type: 'test'
      ...
    # Subtest: rejects empty / null / undefined bodies
    ok 6 - rejects empty / null / undefined bodies
      ---
      duration_ms: 0.33018
      type: 'test'
      ...
    1..6
ok 1 - validateAppointment
  ---
  duration_ms: 4.342128
  type: 'suite'
  ...
1..1
# tests 6
# suites 1
# pass 6
# fail 0
# cancelled 0
# skipped 0
# todo 0
# duration_ms 108.025334

===== [pipeline:p3-demo-healthy1] STAGE: security (security-scan.sh as-is) =====
=== 1/6 non-root audit (Dockerfiles must set an unprivileged USER) ===
  [PASS] api Dockerfile has unprivileged USER (USER node)
  [PASS] ai-service Dockerfile has unprivileged USER (USER node)
  [PASS] worker Dockerfile has unprivileged USER (USER node)
  [PASS] ehr-mock Dockerfile has unprivileged USER (USER node)
  [PASS] api runtime user=node
  [PASS] ai-service runtime user=node
  [PASS] worker runtime user=node
  [PASS] ehr-mock runtime user=node
  NOTE: gateway (nginx:alpine) runs as root by upstream design (master binds :80). Documented in docs/SECURITY.md.

=== 2/6 minimal-image audit ===
  [PASS] api Dockerfile has no curl
  [PASS] api base image is pinned slim variant (FROM node:22-slim@sha256:48e4b67d85f87bd551df43704e24d252f56cc5f8e9718841aace50f19948f0f9 AS build
FROM node:22-slim@sha256:48e4b67d85f87bd551df43704e24d252f56cc5f8e9718841aace50f19948f0f9)
  [PASS] ai-service Dockerfile has no curl
  [PASS] ai-service base image is pinned slim variant (FROM node:22-slim@sha256:48e4b67d85f87bd551df43704e24d252f56cc5f8e9718841aace50f19948f0f9 AS build
FROM node:22-slim@sha256:48e4b67d85f87bd551df43704e24d252f56cc5f8e9718841aace50f19948f0f9)
  [PASS] worker Dockerfile has no curl
  [PASS] worker base image is pinned slim variant (FROM node:22-slim@sha256:48e4b67d85f87bd551df43704e24d252f56cc5f8e9718841aace50f19948f0f9 AS build
FROM node:22-slim@sha256:48e4b67d85f87bd551df43704e24d252f56cc5f8e9718841aace50f19948f0f9)
  [PASS] ehr-mock Dockerfile has no curl
  [PASS] ehr-mock base image is pinned slim variant (FROM node:22-slim@sha256:48e4b67d85f87bd551df43704e24d252f56cc5f8e9718841aace50f19948f0f9 AS build
FROM node:22-slim@sha256:48e4b67d85f87bd551df43704e24d252f56cc5f8e9718841aace50f19948f0f9)
  Image sizes:
ai-healthcare/api:0.1.0-dev 345MB
ai-healthcare/worker:0.1.0-dev 339MB
ai-healthcare/ehr-mock:0.1.0-dev 332MB
ai-healthcare/ai-service:0.1.0-dev 332MB
ai-healthcare/ehr-mock:0.1.0 338MB
ai-healthcare/api:0.1.0 355MB
ai-healthcare/ai-service:0.1.0 338MB
ai-healthcare/worker:0.1.0 346MB
redis:7-alpine 57.8MB
mongo:7-jammy 1.18GB
nginx:alpine 93.1MB

=== 3/6 .dockerignore check ===
  [PASS] api .dockerignore present
  [PASS] ai-service .dockerignore present
  [PASS] worker .dockerignore present
  [PASS] ehr-mock .dockerignore present

=== 4/6 Trivy image scans (severity: HIGH,CRITICAL) ===
  -- ai-healthcare/api:0.1.0-dev -> docs/security-evidence/trivy-api.txt
     Total: 56 (HIGH: 52, CRITICAL: 4);
  [PASS] trivy scan completed for api (Total: 56 (HIGH: 52, CRITICAL: 4);)
  -- ai-healthcare/ai-service:0.1.0-dev -> docs/security-evidence/trivy-ai-service.txt
     Total: 56 (HIGH: 52, CRITICAL: 4);
  [PASS] trivy scan completed for ai-service (Total: 56 (HIGH: 52, CRITICAL: 4);)
  -- ai-healthcare/worker:0.1.0-dev -> docs/security-evidence/trivy-worker.txt
     Total: 56 (HIGH: 52, CRITICAL: 4);
  [PASS] trivy scan completed for worker (Total: 56 (HIGH: 52, CRITICAL: 4);)
  -- ai-healthcare/ehr-mock:0.1.0-dev -> docs/security-evidence/trivy-ehr-mock.txt
     Total: 56 (HIGH: 52, CRITICAL: 4);
  [PASS] trivy scan completed for ehr-mock (Total: 56 (HIGH: 52, CRITICAL: 4);)
  Full reports: docs/security-evidence/trivy-*.txt

=== 5/6 Gitleaks secret scan (--no-git, repo is not a git checkout) ===
  [PASS] gitleaks: no leaks found (see docs/security-evidence/gitleaks.txt)

=== 6/6 Compose security lint ===
services inspected: ['ai-service', 'api', 'db', 'ehr-mock', 'gateway', 'queue', 'worker']
[PASS] gateway publishes host port (sole ingress, expected)
[PASS] api publishes NO host ports
[PASS] ai-service publishes NO host ports
[PASS] worker publishes NO host ports
[PASS] queue publishes NO host ports
[PASS] db publishes NO host ports
[PASS] ehr-mock publishes NO host ports
[PASS] private network has internal:true
[PASS] db not attached to public net (['private'])
[PASS] queue not attached to public net (['private'])
[PASS] ai-service not attached to public net (['private'])
[PASS] worker not attached to public net (['private'])
[PASS] ehr-mock not attached to public net (['private'])
[PASS] gateway privileged!=true
[PASS] gateway no host network/pid mode
[PASS] gateway no extra cap_add (found [])
[PASS] api privileged!=true
[PASS] api no host network/pid mode
[PASS] api no extra cap_add (found [])
[PASS] ai-service privileged!=true
[PASS] ai-service no host network/pid mode
[PASS] ai-service no extra cap_add (found [])
[PASS] worker privileged!=true
[PASS] worker no host network/pid mode
[PASS] worker no extra cap_add (found [])
[PASS] queue privileged!=true
[PASS] queue no host network/pid mode
[PASS] queue no extra cap_add (found [])
[PASS] db privileged!=true
[PASS] db no host network/pid mode
[PASS] db no extra cap_add (found [])
[PASS] ehr-mock privileged!=true
[PASS] ehr-mock no host network/pid mode
[PASS] ehr-mock no extra cap_add (found [])
[PASS] api has cap_drop ALL
[PASS] api has no-new-privileges
[PASS] ai-service has cap_drop ALL
[PASS] ai-service has no-new-privileges
[PASS] worker has cap_drop ALL
[PASS] worker has no-new-privileges
[PASS] ehr-mock has cap_drop ALL
[PASS] ehr-mock has no-new-privileges
[WARN] gateway without cap_drop ALL (documented exception, see docs/SECURITY.md)
[WARN] db without cap_drop ALL (documented exception, see docs/SECURITY.md)
[WARN] queue without cap_drop ALL (documented exception, see docs/SECURITY.md)
---- summary: 42 pass, 0 fail, 3 warn ----
  [PASS] compose lint passed (see docs/security-evidence/compose-lint.txt)
services inspected: ['ai-service', 'api', 'db', 'ehr-mock', 'gateway', 'queue', 'worker']
[PASS] gateway publishes host port (sole ingress, expected)
[PASS] api publishes NO host ports
[PASS] ai-service publishes NO host ports
[PASS] worker publishes NO host ports
[PASS] queue publishes NO host ports
[PASS] db publishes NO host ports
[PASS] ehr-mock publishes NO host ports
[PASS] private network has internal:true
[PASS] db not attached to public net (['private'])
[PASS] queue not attached to public net (['private'])
[PASS] ai-service not attached to public net (['private'])
[PASS] worker not attached to public net (['private'])
[PASS] ehr-mock not attached to public net (['private'])
[PASS] gateway privileged!=true
[PASS] gateway no host network/pid mode
[PASS] gateway no extra cap_add (found [])
[PASS] api privileged!=true
[PASS] api no host network/pid mode
[PASS] api no extra cap_add (found [])
[PASS] ai-service privileged!=true
[PASS] ai-service no host network/pid mode
[PASS] ai-service no extra cap_add (found [])
[PASS] worker privileged!=true
[PASS] worker no host network/pid mode
[PASS] worker no extra cap_add (found [])
[PASS] queue privileged!=true
[PASS] queue no host network/pid mode
[PASS] queue no extra cap_add (found [])
[PASS] db privileged!=true
[PASS] db no host network/pid mode
[PASS] db no extra cap_add (found [])
[PASS] ehr-mock privileged!=true
[PASS] ehr-mock no host network/pid mode
[PASS] ehr-mock no extra cap_add (found [])
[PASS] api has cap_drop ALL
[PASS] api has no-new-privileges
[PASS] ai-service has cap_drop ALL
[PASS] ai-service has no-new-privileges
[PASS] worker has cap_drop ALL
[PASS] worker has no-new-privileges
[PASS] ehr-mock has cap_drop ALL
[PASS] ehr-mock has no-new-privileges
[WARN] gateway without cap_drop ALL (documented exception, see docs/SECURITY.md)
[WARN] db without cap_drop ALL (documented exception, see docs/SECURITY.md)
[WARN] queue without cap_drop ALL (documented exception, see docs/SECURITY.md)
---- summary: 42 pass, 0 fail, 3 warn ----

===================================
RESULT: 26 passed, 0 failed
SECURITY SCAN: PASS

===== [pipeline:p3-demo-healthy1] STAGE: security (trivy app-dependency gate) =====
(binding trivy gate runs after build, on the newly built tag — see below)

===== [pipeline:p3-demo-healthy1] STAGE: build (tag: p3-demo-healthy1) =====
#1 [internal] load local bake definitions
#1 reading from stdin 2.29kB done
#1 DONE 0.0s

#2 [api internal] load build definition from Dockerfile
#2 transferring dockerfile: 826B done
#2 DONE 0.1s

#3 [ehr-mock internal] load build definition from Dockerfile
#3 transferring dockerfile: 814B done
#3 DONE 0.1s

#4 [api internal] load metadata for docker.io/library/node:22-slim@sha256:48e4b67d85f87bd551df43704e24d252f56cc5f8e9718841aace50f19948f0f9
#4 ...

#5 [ai-service internal] load build definition from Dockerfile
#5 transferring dockerfile: 814B done
#5 DONE 0.1s

#6 [worker internal] load build definition from Dockerfile
#6 transferring dockerfile: 814B 0.0s done
#6 DONE 0.2s

#4 [api internal] load metadata for docker.io/library/node:22-slim@sha256:48e4b67d85f87bd551df43704e24d252f56cc5f8e9718841aace50f19948f0f9
#4 DONE 0.2s

#7 [ehr-mock internal] load .dockerignore
#7 transferring context: 184B done
#7 DONE 0.1s

#8 [ai-service internal] load .dockerignore
#8 transferring context: 184B 0.0s done
#8 DONE 0.1s

#9 [worker internal] load .dockerignore
#9 ...

#10 [api internal] load .dockerignore
#10 transferring context: 184B done
#10 DONE 0.1s

#9 [worker internal] load .dockerignore
#9 transferring context: 184B 0.0s done
#9 DONE 0.2s

#11 [worker build 1/4] FROM docker.io/library/node:22-slim@sha256:48e4b67d85f87bd551df43704e24d252f56cc5f8e9718841aace50f19948f0f9
#11 resolve docker.io/library/node:22-slim@sha256:48e4b67d85f87bd551df43704e24d252f56cc5f8e9718841aace50f19948f0f9 0.1s done
#11 DONE 0.1s

#12 [ehr-mock internal] load build context
#12 transferring context: 101B done
#12 DONE 0.1s

#13 [ai-service internal] load build context
#13 transferring context: 101B done
#13 DONE 0.1s

#14 [api internal] load build context
#14 transferring context: 132B done
#14 DONE 0.1s

#15 [ai-service build 4/4] RUN npm ci --omit=dev
#15 CACHED

#16 [ai-service build 3/4] COPY package.json package-lock.json ./
#16 CACHED

#17 [ai-service stage-1 4/5] COPY --from=build /app/node_modules ./node_modules
#17 CACHED

#18 [ehr-mock build 4/4] RUN npm ci --omit=dev
#18 CACHED

#19 [ehr-mock stage-1 4/5] COPY --from=build /app/node_modules ./node_modules
#19 CACHED

#20 [ehr-mock build 3/4] COPY package.json package-lock.json ./
#20 CACHED

#21 [api stage-1 4/5] COPY --from=build /app/node_modules ./node_modules
#21 CACHED

#22 [api build 3/4] COPY package.json package-lock.json ./
#22 CACHED

#23 [api build 4/4] RUN npm ci --omit=dev
#23 CACHED

#24 [ai-service stage-1 5/5] COPY server.js ./
#24 CACHED

#25 [ehr-mock stage-1 5/5] COPY server.js ./
#25 CACHED

#26 [api stage-1 5/5] COPY server.js validate.js ./
#26 CACHED

#27 [worker internal] load build context
#27 transferring context: 100B done
#27 DONE 0.0s

#28 [worker stage-1 3/5] WORKDIR /app
#28 CACHED

#29 [worker stage-1 4/5] COPY --from=build /app/node_modules ./node_modules
#29 CACHED

#30 [worker stage-1 2/5] RUN rm -rf /usr/local/lib/node_modules/npm /usr/local/lib/node_modules/corepack /usr/local/bin/npm /usr/local/bin/npx /usr/local/bin/corepack
#30 CACHED

#31 [worker build 3/4] COPY package.json package-lock.json ./
#31 CACHED

#32 [worker build 4/4] RUN npm ci --omit=dev
#32 CACHED

#33 [worker build 2/4] WORKDIR /app
#33 CACHED

#34 [worker stage-1 5/5] COPY worker.js ./
#34 CACHED

#35 [ai-service] exporting to image
#35 exporting layers 0.0s done
#35 exporting manifest sha256:41339b0503c9a06d5c0a2bf1a7dfd5cefa3fe237e1827a3e0d036be0bd33799e 0.0s done
#35 exporting config sha256:9814d1cb8f43ad608016b6c5e87e4eb9fea974f172cd97ec5f4e5ead5bc7f79e
#35 exporting config sha256:9814d1cb8f43ad608016b6c5e87e4eb9fea974f172cd97ec5f4e5ead5bc7f79e 0.0s done
#35 exporting attestation manifest sha256:977a028e2175138107b243900e31ede732303b9805e21c27096f2f7e41fbc085
#35 exporting attestation manifest sha256:977a028e2175138107b243900e31ede732303b9805e21c27096f2f7e41fbc085 0.3s done
#35 exporting manifest list sha256:068cd5e269fb563d5a945a65cfe039e72f54ac69047bdc4592cb7438879e4eac 0.1s done
#35 naming to docker.io/ai-healthcare/ai-service:p3-demo-healthy1
#35 ...

#36 [api] exporting to image
#36 exporting layers done
#36 exporting manifest sha256:278c20e93e5e4d6bf84483c9931730a2e50b93244a8a23d7edd1408dd755a2d6 0.0s done
#36 exporting config sha256:bd4c992bf67060986181773fbbce32920730fc968025678e902cebb5d40ec682 0.0s done
#36 exporting attestation manifest sha256:290b445d78c041292baa16729b896acc2d3b75360e3f58e259045cf2f8a5f9f9 0.3s done
#36 exporting manifest list sha256:f1a22d2141934d11fa850d043984ddf6da835c64dbd0cccb8c5b0d59b51c6d71 0.1s done
#36 naming to docker.io/ai-healthcare/api:p3-demo-healthy1 0.1s done
#36 unpacking to docker.io/ai-healthcare/api:p3-demo-healthy1 0.0s done
#36 DONE 0.8s

#37 [ehr-mock] exporting to image
#37 exporting layers 0.0s done
#37 exporting manifest sha256:adbd8489677083a36da11f610f7ad45f7abdafcf0053dda72cfe4182b6e83df9 done
#37 exporting config sha256:22d1be8952c33ca772419a50edc60058006bdaa6a0381618ee5ab92fdd867b71 0.0s done
#37 exporting attestation manifest sha256:12ea787662c8c7cad9857fcd39a9cb78269a5d40b8afb1367d3253905df80b37 0.3s done
#37 exporting manifest list sha256:98ac60ba74c35b11ac132389690b6ee093b72955d186e029ecacdf9db0feb456 0.1s done
#37 naming to docker.io/ai-healthcare/ehr-mock:p3-demo-healthy1 0.1s done
#37 unpacking to docker.io/ai-healthcare/ehr-mock:p3-demo-healthy1 0.0s done
#37 DONE 0.8s

#35 [ai-service] exporting to image
#35 naming to docker.io/ai-healthcare/ai-service:p3-demo-healthy1 0.0s done
#35 unpacking to docker.io/ai-healthcare/ai-service:p3-demo-healthy1 0.0s done
#35 DONE 0.8s

#38 [worker] exporting to image
#38 exporting layers done
#38 exporting manifest sha256:f083ca340177ffe2353192f2bac26126d0efc3dd4994ac05a256af0a65137fe8 0.1s done
#38 exporting config sha256:9e23afb171e2a328105e7290b7de6535b8413f12298e4e88150d4b90a8e1a4b9 0.1s done
#38 exporting attestation manifest sha256:43eb3160859a72cb01a385a93be0aad36efef90f36b185c779c5ba6ae087fa5a 0.3s done
#38 exporting manifest list sha256:24d62aed96c2a28e90b5f6f782bbf8c5d1965fed01de24be4e5b497c69f659ec 0.1s done
#38 naming to docker.io/ai-healthcare/worker:p3-demo-healthy1 0.0s done
#38 unpacking to docker.io/ai-healthcare/worker:p3-demo-healthy1 0.1s done
#38 DONE 0.8s

#39 [ehr-mock] resolving provenance for metadata file
#39 DONE 0.2s

#40 [ai-service] resolving provenance for metadata file
#40 DONE 0.1s

#41 [api] resolving provenance for metadata file
#41 DONE 0.2s

#42 [worker] resolving provenance for metadata file
#42 DONE 0.0s
 ai-healthcare/ai-service:p3-demo-healthy1  Built
 ai-healthcare/worker:p3-demo-healthy1  Built
 ai-healthcare/ehr-mock:p3-demo-healthy1  Built
 ai-healthcare/api:p3-demo-healthy1  Built
built + dual-tagged (:p3-demo-healthy1 exact, :0.1.0-dev alias):
ai-healthcare/ai-service:0.1.0-dev 332MB
ai-healthcare/ai-service:p3-demo-healthy1 332MB
ai-healthcare/api:0.1.0-dev 345MB
ai-healthcare/api:p3-demo-healthy1 345MB
ai-healthcare/ehr-mock:0.1.0-dev 332MB
ai-healthcare/ehr-mock:p3-demo-healthy1 332MB
ai-healthcare/worker:0.1.0-dev 339MB
ai-healthcare/worker:p3-demo-healthy1 339MB

===== [pipeline:p3-demo-healthy1] STAGE: security (trivy app-dependency gate on NEW images) =====
=== Trivy app-dependency gate (tag: 0.1.0-dev; OS baseline non-blocking per SECURITY.md R1) ===
-- ai-healthcare/api:0.1.0-dev
   app-dependency (lang-pkgs) HIGH/CRITICAL: 0 | OS-layer (accepted baseline R1): 56
   [GATE-PASS] api app dependencies clean
-- ai-healthcare/ai-service:0.1.0-dev
   app-dependency (lang-pkgs) HIGH/CRITICAL: 0 | OS-layer (accepted baseline R1): 56
   [GATE-PASS] ai-service app dependencies clean
-- ai-healthcare/worker:0.1.0-dev
   app-dependency (lang-pkgs) HIGH/CRITICAL: 0 | OS-layer (accepted baseline R1): 56
   [GATE-PASS] worker app dependencies clean
-- ai-healthcare/ehr-mock:0.1.0-dev
   app-dependency (lang-pkgs) HIGH/CRITICAL: 0 | OS-layer (accepted baseline R1): 56
   [GATE-PASS] ehr-mock app dependencies clean
===================================
TRIVY GATE: PASS

===== [pipeline:p3-demo-healthy1] STAGE: deploy dev =====
previous dev tag: '0.1.0-dev'
 Container ai-healthcare-dev-queue-1  Running
 Container ai-healthcare-dev-db-1  Running
 Container ai-healthcare-dev-worker-1  Recreate
 Container ai-healthcare-dev-ehr-mock-1  Recreate
 Container ai-healthcare-dev-ai-service-1  Recreate
 Container ai-healthcare-dev-api-1  Recreate
 Container ai-healthcare-dev-ehr-mock-1  Recreated
 Container ai-healthcare-dev-ai-service-1  Recreated
 Container ai-healthcare-dev-worker-1  Recreated
 Container ai-healthcare-dev-api-1  Recreated
 Container ai-healthcare-dev-gateway-1  Recreate
 Container ai-healthcare-dev-gateway-1  Recreated
 Container ai-healthcare-dev-ai-service-1  Starting
 Container ai-healthcare-dev-db-1  Waiting
 Container ai-healthcare-dev-queue-1  Waiting
 Container ai-healthcare-dev-db-1  Waiting
 Container ai-healthcare-dev-queue-1  Waiting
 Container ai-healthcare-dev-ehr-mock-1  Starting
 Container ai-healthcare-dev-ai-service-1  Started
 Container ai-healthcare-dev-db-1  Healthy
 Container ai-healthcare-dev-queue-1  Healthy
 Container ai-healthcare-dev-db-1  Healthy
 Container ai-healthcare-dev-queue-1  Healthy
 Container ai-healthcare-dev-worker-1  Starting
 Container ai-healthcare-dev-api-1  Starting
 Container ai-healthcare-dev-ehr-mock-1  Started
 Container ai-healthcare-dev-worker-1  Started
 Container ai-healthcare-dev-api-1  Started
 Container ai-healthcare-dev-api-1  Waiting
 Container ai-healthcare-dev-api-1  Healthy
 Container ai-healthcare-dev-gateway-1  Starting
 Container ai-healthcare-dev-gateway-1  Started

===== [pipeline:p3-demo-healthy1] STAGE: health gate dev =====
health gate (dev): polling http://localhost:8080/ready (timeout 120s)…
  …no response yet (~0s)
health gate (dev): READY after ~5s — {"ready":true,"checks":{"db":"ok","queue":"ok"}}
== gateway health ==
{"status":"ok","service":"api","version":"p3-demo-healthy1","db":"mongodb"}
== api ready via gateway ==
{"ready":true,"checks":{"db":"ok","queue":"ok"}}
== create appointment ==
{"job_id":"job-534a602781a0","appointment_id":"appt-88d012f8577f","status":"queued"}
== list appointments ==
[{"id":"appt-ffaa9123fabc","patient":"smoke-patient","doctor":"dr-smoke","status":"processed"},{"id":"appt-fd5d8717db45","patient":"load-p4","doctor":"dr-load","status":"processed"},{"id":"appt-f6d9d942f9c2","patient":"load-p8","doctor":"dr-load","status":"processed"}]
== metrics ==
{"service":"api","version":"p3-demo-healthy1","uptime_s":14.7,"requests_total":1,"errors_total":0,"avg_latency_ms":9,"queue_depth":0}
SMOKE OK
enqueued=10 avg_latency_ms=12.7 p95=10.4
queue_depth=9 requests=11
queue_depth=3 requests=11
queue_depth=0 requests=11
WORKLOAD DONE
dev stage complete — healthy on tag p3-demo-healthy1

===== [pipeline:p3-demo-healthy1] STAGE: promote prod-like =====
previous prod-like tag: '<none>'
 Network ai-healthcare-prodlike_private  Creating
 Network ai-healthcare-prodlike_private  Created
 Network ai-healthcare-prodlike_public  Creating
 Network ai-healthcare-prodlike_public  Created
 Container ai-healthcare-prodlike-ai-service-1  Creating
 Container ai-healthcare-prodlike-queue-1  Creating
 Container ai-healthcare-prodlike-db-1  Creating
 Container ai-healthcare-prodlike-ehr-mock-1  Creating
 Container ai-healthcare-prodlike-ai-service-1  Created
 Container ai-healthcare-prodlike-ehr-mock-1  Created
 Container ai-healthcare-prodlike-queue-1  Created
 Container ai-healthcare-prodlike-db-1  Created
 Container ai-healthcare-prodlike-worker-1  Creating
 Container ai-healthcare-prodlike-api-1  Creating
 Container ai-healthcare-prodlike-api-1  Created
 Container ai-healthcare-prodlike-gateway-1  Creating
 Container ai-healthcare-prodlike-worker-1  Created
 Container ai-healthcare-prodlike-gateway-1  Created
 Container ai-healthcare-prodlike-queue-1  Starting
 Container ai-healthcare-prodlike-ehr-mock-1  Starting
 Container ai-healthcare-prodlike-ai-service-1  Starting
 Container ai-healthcare-prodlike-db-1  Starting
 Container ai-healthcare-prodlike-queue-1  Started
 Container ai-healthcare-prodlike-db-1  Started
 Container ai-healthcare-prodlike-queue-1  Waiting
 Container ai-healthcare-prodlike-db-1  Waiting
 Container ai-healthcare-prodlike-db-1  Waiting
 Container ai-healthcare-prodlike-queue-1  Waiting
 Container ai-healthcare-prodlike-ai-service-1  Started
 Container ai-healthcare-prodlike-ehr-mock-1  Started
 Container ai-healthcare-prodlike-db-1  Healthy
 Container ai-healthcare-prodlike-db-1  Healthy
 Container ai-healthcare-prodlike-queue-1  Healthy
 Container ai-healthcare-prodlike-queue-1  Healthy
 Container ai-healthcare-prodlike-worker-1  Starting
 Container ai-healthcare-prodlike-api-1  Starting
 Container ai-healthcare-prodlike-worker-1  Started
 Container ai-healthcare-prodlike-api-1  Started
 Container ai-healthcare-prodlike-api-1  Waiting
 Container ai-healthcare-prodlike-api-1  Healthy
 Container ai-healthcare-prodlike-gateway-1  Starting
 Container ai-healthcare-prodlike-gateway-1  Started

===== [pipeline:p3-demo-healthy1] STAGE: post-promote health check =====
health gate (prod-like): polling http://localhost:8081/ready (timeout 120s)…
health gate (prod-like): READY after ~0s — {"ready":true,"checks":{"db":"ok","queue":"ok"}}
== gateway health ==
{"status":"ok","service":"api","version":"p3-demo-healthy1","db":"mongodb"}
== api ready via gateway ==
{"ready":true,"checks":{"db":"ok","queue":"ok"}}
== create appointment ==
{"job_id":"job-12a14cefbf11","appointment_id":"appt-b1c50be4ddbb","status":"queued"}
== list appointments ==
[{"id":"appt-eaa05f2230f6","patient":"smoke-patient","doctor":"dr-smoke","status":"processed"},{"id":"appt-b1c50be4ddbb","patient":"smoke-patient","doctor":"dr-smoke","status":"processed"},{"id":"appt-913e0d9b46c8","patient":"smoke-patient","doctor":"dr-smoke","status":"processed"}]
== metrics ==
{"service":"api","version":"p3-demo-healthy1","uptime_s":8.9,"requests_total":1,"errors_total":0,"avg_latency_ms":36,"queue_depth":0}
SMOKE OK

----- traceability: running image tags -----
-- dev (environments/dev.env) --
SERVICE      IMAGE                                                                                    STATUS
ai-service   ai-healthcare/ai-service:p3-demo-healthy1                                                Up 44 seconds (healthy)
api          ai-healthcare/api:p3-demo-healthy1                                                       Up 43 seconds (healthy)
db           mongo:7-jammy@sha256:84c4a18b60a0e73d1577112b0a600b46cab477c64cfe0ff36d0647bbca055bd0    Up About a minute (healthy)
ehr-mock     ai-healthcare/ehr-mock:p3-demo-healthy1                                                  Up 44 seconds (healthy)
gateway      nginx:alpine@sha256:4870c12cd2ca986de501a804b4f506ad3875a0b1874940ba0a2c7f763f1855b2     Up 36 seconds (healthy)
queue        redis:7-alpine@sha256:520775a41a63e77e06c73e35d2fd9cc15921a609516818796b4ecbb813078bc7   Up About a minute (healthy)
worker       ai-healthcare/worker:p3-demo-healthy1                                                    Up 43 seconds (healthy)
-- prod-like (environments/prod.env) --
SERVICE      IMAGE                                                                                    STATUS
ai-service   ai-healthcare/ai-service:p3-demo-healthy1                                                Up 21 seconds (healthy)
api          ai-healthcare/api:p3-demo-healthy1                                                       Up 10 seconds (healthy)
db           mongo:7-jammy@sha256:84c4a18b60a0e73d1577112b0a600b46cab477c64cfe0ff36d0647bbca055bd0    Up 21 seconds (healthy)
ehr-mock     ai-healthcare/ehr-mock:p3-demo-healthy1                                                  Up 21 seconds (healthy)
gateway      nginx:alpine@sha256:4870c12cd2ca986de501a804b4f506ad3875a0b1874940ba0a2c7f763f1855b2     Up 4 seconds (health: starting)
queue        redis:7-alpine@sha256:520775a41a63e77e06c73e35d2fd9cc15921a609516818796b4ecbb813078bc7   Up 21 seconds (healthy)
worker       ai-healthcare/worker:p3-demo-healthy1                                                    Up 10 seconds (healthy)
run tag: p3-demo-healthy1 (git SHA when available; CI uses github.sha)

##### RESULT: PASS — tag p3-demo-healthy1 healthy in dev AND prod-like (log: docs/pipeline-evidence/pipeline-p3-demo-healthy1.log)
